$ git -C <win-worktree>\_pr3_src\v3v_push worktree add <win-worktree>\_pr3_src\Mooncake-eabc-fmt eabc511f589280d208f87cac5881f2bf1f419c01HEAD is now at eabc511 [Store] Apply clang-format and ruff-format to prefetch changes
Preparing worktree (detached HEAD eabc511)
Updating files:  55% (1135/2057)
Updating files:  56% (1152/2057)
Updating files:  57% (1173/2057)
Updating files:  58% (1194/2057)
Updating files:  59% (1214/2057)
Updating files:  60% (1235/2057)
Updating files:  61% (1255/2057)
Updating files:  62% (1276/2057)
Updating files:  63% (1296/2057)
Updating files:  64% (1317/2057)
Updating files:  65% (1338/2057)
Updating files:  66% (1358/2057)
Updating files:  67% (1379/2057)
Updating files:  68% (1399/2057)
Updating files:  69% (1420/2057)
Updating files:  70% (1440/2057)
Updating files:  71% (1461/2057)
Updating files:  72% (1482/2057)
Updating files:  73% (1502/2057)
Updating files:  74% (1523/2057)
Updating files:  75% (1543/2057)
Updating files:  76% (1564/2057)
Updating files:  77% (1584/2057)
Updating files:  78% (1605/2057)
Updating files:  79% (1626/2057)
Updating files:  80% (1646/2057)
Updating files:  81% (1667/2057)
Updating files:  82% (1687/2057)
Updating files:  83% (1708/2057)
Updating files:  84% (1728/2057)
Updating files:  85% (1749/2057)
Updating files:  86% (1770/2057)
Updating files:  87% (1790/2057)
Updating files:  88% (1811/2057)
Updating files:  89% (1831/2057)
Updating files:  90% (1852/2057)
Updating files:  91% (1872/2057)
Updating files:  92% (1893/2057)
Updating files:  93% (1914/2057)
Updating files:  94% (1934/2057)
Updating files:  95% (1955/2057)
Updating files:  96% (1975/2057)
Updating files:  97% (1996/2057)
Updating files:  98% (2016/2057)
Updating files:  99% (2037/2057)
Updating files: 100% (2057/2057)
Updating files: 100% (2057/2057), done.
RC=0
WORKTREE_HEAD=eabc511f589280d208f87cac5881f2bf1f419c01
$ git -C <win-worktree>\_pr3_src\Mooncake-eabc-fmt checkout -- .RC=0
$ git -C <win-worktree>\_pr3_src\Mooncake-eabc-fmt status -sb## HEAD (no branch)
RC=0
PRECOMMIT_FILES=36
  docs/source/design/ssd-prefetch.md
  docs/source/index.md
  mooncake-integration/store/store_py.cpp
  mooncake-store/include/client_metric.h
  mooncake-store/include/client_service.h
  mooncake-store/include/dummy_client.h
  mooncake-store/include/file_storage.h
  mooncake-store/include/master_client.h
  mooncake-store/include/master_service.h
  mooncake-store/include/prefetch_throttle.h
  mooncake-store/include/pyclient.h
  mooncake-store/include/real_client.h
  mooncake-store/include/replica.h
  mooncake-store/include/rpc_service.h
  mooncake-store/include/ssd_prefetcher.h
  mooncake-store/include/storage_backend.h
  mooncake-store/include/store_c.h
  mooncake-store/include/types.h
  mooncake-store/src/CMakeLists.txt
  mooncake-store/src/client_service.cpp
  mooncake-store/src/dummy_client.cpp
  mooncake-store/src/file_storage.cpp
  mooncake-store/src/master_client.cpp
  mooncake-store/src/master_service.cpp
  mooncake-store/src/real_client.cpp
  mooncake-store/src/rpc_service.cpp
  mooncake-store/src/ssd_prefetcher.cpp
  mooncake-store/src/storage_backend.cpp
  mooncake-store/src/store_c.cpp
  mooncake-store/src/types.cpp
  mooncake-store/tests/CMakeLists.txt
  mooncake-store/tests/client_readonly_query_test.cpp
  mooncake-store/tests/prefetch_task_master_test.cpp
  mooncake-store/tests/prefetch_throttle_test.cpp
  mooncake-wheel/tests/test_prefetch_on_exist.py
  scripts/ci/run_ssd_offload_smoke.sh
clang-format=<win-worktree>\.venv\Scripts\clang-format.EXE
pre-commit=<win-worktree>\.venv\Scripts\pre-commit.EXE
$ <win-worktree>\.venv\Scripts\clang-format.EXE --versionclang-format version 20.1.8
RC=0
$ <win-worktree>\.venv\Scripts\pre-commit.EXE --versionpre-commit 4.6.2
RC=0
bash=C:\Program Files\Git\bin\bash.exe
$ C:\Program Files\Git\bin\bash.exe scripts/code_format.sh --check -b c7aafbe3f91935e61cd85f6e0228d394ce0aa12d[0;32m[INFO][0m Mooncake Code Format Script

[0;32m[INFO][0m Using clang-format version 20.1.8
[0;32m[INFO][0m Comparing against: c7aafbe3f91935e61cd85f6e0228d394ce0aa12d

[0;32m[INFO][0m OK: mooncake-integration/store/store_py.cpp
[0;32m[INFO][0m OK: mooncake-store/include/client_metric.h
[0;32m[INFO][0m OK: mooncake-store/include/client_service.h
[0;32m[INFO][0m OK: mooncake-store/include/dummy_client.h
[0;32m[INFO][0m OK: mooncake-store/include/file_storage.h
[0;32m[INFO][0m OK: mooncake-store/include/master_client.h
[0;32m[INFO][0m OK: mooncake-store/include/master_service.h
<win-worktree>/_pr3_src/Mooncake-eabc-fmt/mooncake-store/include/prefetch_throttle.h:203:41: error: code should be clang-formatted [-Wclang-format-violations]
        if (it == shard.entries.end() || it->second.state != State::kCompleted) {
                                        ^
<win-worktree>/_pr3_src/Mooncake-eabc-fmt/mooncake-store/include/prefetch_throttle.h:277:32: error: code should be clang-formatted [-Wclang-format-violations]
        const int64_t last_ms = entry.completed_ms >= 0 ? entry.completed_ms
                               ^
<win-worktree>/_pr3_src/Mooncake-eabc-fmt/mooncake-store/include/prefetch_throttle.h:277:77: error: code should be clang-formatted [-Wclang-format-violations]
        const int64_t last_ms = entry.completed_ms >= 0 ? entry.completed_ms
                                                                            ^
<win-worktree>/_pr3_src/Mooncake-eabc-fmt/mooncake-store/include/prefetch_throttle.h:299:74: error: code should be clang-formatted [-Wclang-format-violations]
    std::atomic<int64_t> cooldown_ms_{DEFAULT_SSD_PREFETCH_COOLDOWN_SEC *
                                                                         ^
[1;33m[WARN][0m Needs formatting: mooncake-store/include/prefetch_throttle.h
[0;32m[INFO][0m OK: mooncake-store/include/pyclient.h
[0;32m[INFO][0m OK: mooncake-store/include/real_client.h
[0;32m[INFO][0m OK: mooncake-store/include/replica.h
[0;32m[INFO][0m OK: mooncake-store/include/rpc_service.h
[0;32m[INFO][0m OK: mooncake-store/include/ssd_prefetcher.h
[0;32m[INFO][0m OK: mooncake-store/include/storage_backend.h
[0;32m[INFO][0m OK: mooncake-store/include/store_c.h
[0;32m[INFO][0m OK: mooncake-store/include/types.h
[0;32m[INFO][0m OK: mooncake-store/src/client_service.cpp
[0;32m[INFO][0m OK: mooncake-store/src/dummy_client.cpp
[0;32m[INFO][0m OK: mooncake-store/src/file_storage.cpp
[0;32m[INFO][0m OK: mooncake-store/src/master_client.cpp
[0;32m[INFO][0m OK: mooncake-store/src/master_service.cpp
[0;32m[INFO][0m OK: mooncake-store/src/real_client.cpp
[0;32m[INFO][0m OK: mooncake-store/src/rpc_service.cpp
[0;32m[INFO][0m OK: mooncake-store/src/ssd_prefetcher.cpp
[0;32m[INFO][0m OK: mooncake-store/src/storage_backend.cpp
[0;32m[INFO][0m OK: mooncake-store/src/store_c.cpp
[0;32m[INFO][0m OK: mooncake-store/src/types.cpp
[0;32m[INFO][0m OK: mooncake-store/tests/client_readonly_query_test.cpp
[0;32m[INFO][0m OK: mooncake-store/tests/prefetch_task_master_test.cpp
[0;32m[INFO][0m OK: mooncake-store/tests/prefetch_throttle_test.cpp

[0;31m[ERROR][0m 1 file(s) need formatting.
[0;32m[INFO][0m Run './scripts/code_format.sh' to format them.
RC=1
DRY_FAIL mooncake-store/include/prefetch_throttle.h
<win-worktree>\_pr3_src\Mooncake-eabc-fmt\mooncake-store\include\prefetch_throttle.h:203:41: error: code should be clang-formatted [-Wclang-format-violations]
        if (it == shard.entries.end() || it->second.state != State::kCompleted) {
                                        ^
<win-worktree>\_pr3_src\Mooncake-eabc-fmt\mooncake-store\include\prefetch_throttle.h:277:32: error: code should be clang-formatted [-Wclang-format-violations]
        const int64_t last_ms = entry.completed_ms >= 0 ? entry.completed_ms
                               ^
<win-worktree>\_pr3_src\Mooncake-eabc-fmt\mooncake-store\include\prefetch_throttle.h:277:77: error: code should be clang-formatted [-Wclang-format-violations]
        const int64_t last_ms = entry.completed_ms >= 0 ? entry.completed_ms
                                                                            ^
<win-worktree>\_pr3_src\Mooncake-eabc-fmt\mooncake-store\include\prefetch_throttle.h:299:74: error: code should be clang-formatted [-Wclang-format-violations]
    std::atomic<int64_t> cooldown_ms_{DEFAULT_SSD_PREFETCH_COOLDOWN_SEC *
                                                                         ^

DRY_FAIL_COUNT=1/30
$ <win-worktree>\.venv\Scripts\pre-commit.EXE run --files docs/source/design/ssd-prefetch.md docs/source/index.md mooncake-integration/store/store_py.cpp mooncake-store/include/client_metric.h mooncake-store/include/client_service.h mooncake-store/include/dummy_client.h mooncake-store/include/file_storage.h mooncake-store/include/master_client.h mooncake-store/include/master_service.h mooncake-store/include/prefetch_throttle.h mooncake-store/include/pyclient.h mooncake-store/include/real_client.h mooncake-store/include/replica.h mooncake-store/include/rpc_service.h mooncake-store/include/ssd_prefetcher.h mooncake-store/include/storage_backend.h mooncake-store/include/store_c.h mooncake-store/include/types.h mooncake-store/src/CMakeLists.txt mooncake-store/src/client_service.cpp mooncake-store/src/dummy_client.cpp mooncake-store/src/file_storage.cpp mooncake-store/src/master_client.cpp mooncake-store/src/master_service.cpp mooncake-store/src/real_client.cpp mooncake-store/src/rpc_service.cpp mooncake-store/src/ssd_prefetcher.cpp mooncake-store/src/storage_backend.cpp mooncake-store/src/store_c.cpp mooncake-store/src/types.cpp mooncake-store/tests/CMakeLists.txt mooncake-store/tests/client_readonly_query_test.cpp mooncake-store/tests/prefetch_task_master_test.cpp mooncake-store/tests/prefetch_throttle_test.cpp mooncake-wheel/tests/test_prefetch_on_exist.py scripts/ci/run_ssd_offload_smoke.shtrim trailing whitespace.................................................Passed
fix end of files.........................................................Passed
check yaml...........................................(no files to check)Skipped
check for merge conflicts................................................Passed
check for added large files..............................................Passed
Format staged C/C++ changes..............................................Failed
- hook id: mooncake-code-format
- exit code: 1

Executable `/bin/bash` not found

Regenerate Mooncake Store Rust dlopen bindings..........................Skipped
ruff.....................................................................Passed
ruff-format..............................................................Failed
- hook id: ruff-format
- files were modified by this hook

1 file reformatted

codespell................................................................Passed
cmake-format.............................................................Passed
RC=1
===== PREFETCH DIFF STAT AFTER TOOLS =====
 mooncake-wheel/tests/test_prefetch_on_exist.py | 13 ++++---------
 1 file changed, 4 insertions(+), 9 deletions(-)
DIFF_BYTES=2013
$ git -C <win-worktree>\_pr3_src\Mooncake-eabc-fmt checkout -- .RC=0
POST_HEAD=eabc511f589280d208f87cac5881f2bf1f419c01
POST_PORCELAIN=
<clean>
FORMAT_CHECK_RC=1
PRECOMMIT_RC=1
DRY_FAIL_COUNT=1
